frame 0x0203ab68   0x0203ab80   0x020352a0   0x020352a2   0x0203ca70  
    0 000000       0000000000000000 0x00200000   0x0020       0x00000000  
    1 000000       0000000000000000 0x00200000   0x0020       0x00000000  
    2 000000       0000000000000000 0x00200000   0x0020       0x00000000  
    3 000000       0000000000000000 0x00200000   0x0020       0x00000000  
    4 000000       0000000000000000 0x00200000   0x0020       0x00000000  
    5 000000       0000000000000000 0x00200000   0x0020       0x00000000  
    6 000000       0000000000000000 0x00200000   0x0020       0x00000000  
    7 000000       0000000000000000 0x00200000   0x0020       0x00000000  
    8 000000       0000000000000000 0x00200000   0x0020       0x00000000  
    9 000000       0000000000000000 0x00200000   0x0020       0x00000000  
   10 000000       0000000000000000 0x00200000   0x0020       0x00000000  
   11 000000       0000000000000000 0x00200000   0x0020       0x00000000  
   12 000000       0000000000000000 0x00200000   0x0020       0x00000000  
   13 000000       0000000000000000 0x00200000   0x0020       0x00000000  
   14 000000       0000000000000000 0x00200000   0x0020       0x00000000  
   15 000000       0000000000000000 0x00200000   0x0020       0x00000000  
   16 000000       0000000000000000 0x00200000   0x0020       0x00000000  
   17 000000       0000000000000000 0x00200000   0x0020       0x00000000  
   18 000000       0000000000000000 0x00200000   0x0020       0x00000000  
   19 000000       0000000000000000 0x00200000   0x0020       0x00000000  
   20 000000       0000000000000000 0x00200000   0x0020       0x00000000  
   21 000000       0000000000000000 0x00200000   0x0020       0x00000000  
   22 000000       0000000000000000 0x00200000   0x0020       0x00000000  
   23 000000       0000000000000000 0x00200000   0x0020       0x00000000  
   24 000000       0000000000000000 0x00200000   0x0020       0x00000000  
   25 000000       0000000000000000 0x00200000   0x0020       0x00000000  
   26 000000       0000000000000000 0x00200000   0x0020       0x00000000  
   27 000000       0000000000000000 0x00200000   0x0020       0x00000000  
   28 000000       0000000000000000 0x00200000   0x0020       0x00000000  
   29 000000       0000000000000000 0x00200000   0x0020       0x00000000  
   30 000000       0000000000000000 0x00200000   0x0020       0x00000000  
   31 000000       0000000000000000 0x00200000   0x0020       0x00000000  
   32 000000       0000000000000000 0x00200000   0x0020       0x00000000  
   33 000000       0000000000000000 0x00200000   0x0020       0x00000000  
   34 000000       0000000000000000 0x00200000   0x0020       0x00000000  
   35 000000       0000000000000000 0x00200000   0x0020       0x00000000  
   36 000000       0000000000000000 0x00200000   0x0020       0x00000000  
   37 000000       0000000000000000 0x00200000   0x0020       0x00000000  
   38 000000       0000000000000000 0x00200000   0x0020       0x00000000  
   39 000000       0000000000000000 0x00200000   0x0020       0x00000000  
   40 000000       0000000000000000 0x00200000   0x0020       0x00000000  
   41 000000       0000000000000000 0x00200000   0x0020       0x00000000  
   42 000000       0000000000000000 0x00200000   0x0020       0x00000000  
   43 000000       0000000000000000 0x00200000   0x0020       0x00000000  
   44 000000       0000000000000000 0x00200000   0x0020       0x00000000  
   45 000000       0000000000000000 0x00200000   0x0020       0x00000000  
   46 000000       0000000000000000 0x00200000   0x0020       0x00000000  
   47 000000       0000000000000000 0x00200000   0x0020       0x00000000  
   48 000000       0000000000000000 0x00200000   0x0020       0x00000000  
   49 000000       0000000000000000 0x00200000   0x0020       0x00000000  
   50 000000       0000000000000000 0x00200000   0x0020       0x00000000  
   51 000000       0000000000000000 0x00200000   0x0020       0x00000000  
   52 000000       0000000000000000 0x00200000   0x0020       0x00000000  
   53 000000       0000000000000000 0x00200000   0x0020       0x00000000  
   54 000000       0000000000000000 0x00200000   0x0020       0x00000000  
   55 000000       0000000000000000 0x00200000   0x0020       0x00000000  
   56 000000       0000000000000000 0x00200000   0x0020       0x00000000  
   57 000000       0000000000000000 0x00200000   0x0020       0x00000000  
   58 000000       0000000000000000 0x00200000   0x0020       0x00000000  
   59 000000       0000000000000000 0x00200000   0x0020       0x00000000  
   60 000000       0000000000000000 0x00200000   0x0020       0x00000000  
   61 000000       0000000000000000 0x00200000   0x0020       0x00000000  
   62 000000       0000000000000000 0x00200000   0x0020       0x00000000  
   63 000000       0000000000000000 0x00200000   0x0020       0x00000000  
   64 000000       0000000000000000 0x00200000   0x0020       0x00000000  
   65 000000       0000000000000000 0x00200000   0x0020       0x00000000  
   66 000000       0000000000000000 0x00200000   0x0020       0x00000000  
   67 000000       0000000000000000 0x00200000   0x0020       0x00000000  
   68 000000       0000000000000000 0x00200000   0x0020       0x00000000  
   69 040000       000000003c003c00 0x00200000   0x0020       0x00000000  
   70 040000       000000003c003c00 0x00200000   0x0020       0x00000000  
   71 040000       000000003c003c00 0x00200000   0x0020       0x00000000  
   72 040000       000000003c003c00 0x00200000   0x0020       0x00000000  
   73 040000       000000003c003c00 0x00200000   0x0020       0x00000000  
   74 040000       000000003c003c00 0x00200000   0x0020       0x00000000  
   75 040000       000000003c003c00 0x00200000   0x0020       0x00000000  
   76 040000       000000003c003c00 0x00200000   0x0020       0x00000000  
   77 040000       000000003c003c00 0x00200000   0x0020       0x00000000  
   78 040000       000000003c003c00 0x00200000   0x0020       0x00000000  
   79 040000       000000003c003c00 0x00200000   0x0020       0x00000000  
   80 040000       000000003c003c00 0x00200000   0x0020       0x00000000  
   81 040000       000000003c003c00 0x00200000   0x0020       0x00000000  
   82 040000       000000003c003c00 0x00200000   0x0020       0x00000000  
   83 040000       000000003c003c00 0x00200000   0x0020       0x00000000  
   84 040000       000000003c003c00 0x00200000   0x0020       0x00000000  
   85 040000       000000003c003c00 0x00200000   0x0020       0x00000000  
   86 040000       000000003c003c00 0x00200000   0x0020       0x00000000  
   87 040000       000000003c003c00 0x00200000   0x0020       0x00000000  
   88 040000       000000003c003c00 0x00200000   0x0020       0x00000000  
   89 040000       000000003c003c00 0x00200000   0x0020       0x00000000  
   90 040000       000000003c003c00 0x00200000   0x0020       0x00000000  
   91 040000       000000003c003c00 0x00200000   0x0020       0x00000000  
   92 040000       000000003c003c00 0x00200000   0x0020       0x00000000  
   93 040000       000000003c003c00 0x00200000   0x0020       0x00000000  
   94 040000       000000003c003c00 0x00200000   0x0020       0x00000000  
   95 040000       000000003c003c00 0x00200000   0x0020       0x00000000  
   96 040000       000000003c003c00 0x00200000   0x0020       0x00000000  
   97 040000       000000003c003c00 0x00200000   0x0020       0x00000000  
   98 040000       000000003c003c00 0x00200000   0x0020       0x00000000  
   99 040000       000000003c003c00 0x00200000   0x0020       0x00000000  
  100 040000       000000003c003c00 0x00200000   0x0020       0x00000000  
  101 040000       000000003c003c00 0x00200000   0x0020       0x00000000  
  102 040000       000000003c003c00 0x00200000   0x0020       0x00000000  
  103 040000       000000003c003c00 0x00200000   0x0020       0x00000000  
  104 040000       000000003c003c00 0x00200000   0x0020       0x00000000  
  105 040000       000000003c003c00 0x00200000   0x0020       0x00000000  
  106 040000       000000003c003c00 0x00200000   0x0020       0x00000000  
  107 040000       000000003c003c00 0x00200000   0x0020       0x00000000  
  108 040000       000000003c003c00 0x00200000   0x0020       0x00000000  
  109 040000       000000003c003c00 0x00200000   0x0020       0x00000000  
  110 040000       000000003c003c00 0x00200000   0x0020       0x00000000  
  111 040000       000000003c003c00 0x00200000   0x0020       0x00000000  
  112 040000       000000003c003c00 0x00200000   0x0020       0x00000000  
  113 040000       000000003c003c00 0x00200000   0x0020       0x00000000  
  114 040000       000000003c003c00 0x00200000   0x0020       0x00000000  
  115 040000       000000003c003c00 0x00200000   0x0020       0x00000000  
  116 040000       000000003c003c00 0x00200000   0x0020       0x00000000  
  117 040000       000000003c003c00 0x00200000   0x0020       0x00000000  
  118 040004       020010003c003c00 0x00200000   0x0020       0x00000000  
  119 040004       010010003c003c00 0x00200000   0x0020       0x00000000  
  120 040004       02000f003c003c00 0x00200000   0x0020       0x00000000  
  121 040004       01000f003c003c00 0x00200000   0x0020       0x00000000  
  122 040004       02000e003c003c00 0x00200000   0x0020       0x00000000  
  123 040004       01000e003c003c00 0x00200000   0x0020       0x00000000  
  124 040004       02000d003c003c00 0x00200000   0x0020       0x00000000  
  125 040004       01000d003c003c00 0x00200000   0x0020       0x00000000  
  126 040004       02000c003c003c00 0x00200000   0x0020       0x00000000  
  127 040004       01000c003c003c00 0x00200000   0x0020       0x00000000  
  128 040004       02000b003c003c00 0x00200000   0x0020       0x00000000  
  129 040004       01000b003c003c00 0x00200000   0x0020       0x00000000  
  130 040004       02000a003c003c00 0x00200000   0x0020       0x00000000  
  131 040004       01000a003c003c00 0x00200000   0x0020       0x00000000  
  132 040004       020009003c003c00 0x00200000   0x0020       0x00000000  
  133 040004       010009003c003c00 0x00200000   0x0020       0x00000000  
  134 040004       020008003c003c00 0x00200000   0x0020       0x00000000  
  135 040004       010008003c003c00 0x00200000   0x0020       0x00000000  
  136 040004       020007003c003c00 0x00200000   0x0020       0x00000000  
  137 040004       010007003c003c00 0x00200000   0x0020       0x00000000  
  138 040004       020006003c003c00 0x00200000   0x0020       0x00000000  
  139 040004       010006003c003c00 0x00200000   0x0020       0x00000000  
  140 040004       020005003c003c00 0x00200000   0x0020       0x00000000  
  141 040004       010005003c003c00 0x00200000   0x0020       0x00000000  
  142 040004       020004003c003c00 0x00200000   0x0020       0x00000000  
  143 040004       010004003c003c00 0x00200000   0x0020       0x00000000  
  144 040004       020003003c003c00 0x00200000   0x0020       0x00000000  
  145 040004       010003003c003c00 0x00200000   0x0020       0x00000000  
  146 040004       020002003c003c00 0x00200000   0x0020       0x00000000  
  147 040004       010002003c003c00 0x00200000   0x0020       0x00000000  
  148 040004       020001003c003c00 0x00200000   0x0020       0x00000000  
  149 040004       010001003c003c00 0x00200000   0x0020       0x00000000  
  150 040008       020000003c003c00 0x00200000   0x0020       0x00000000  
  151 040100       020000003c003c00 0x00200000   0x0020       0x00000000  
  152 040100       020000003c003c00 0x00200000   0x0020       0x00000000  
  153 040100       020000003c003c00 0x00200000   0x0020       0x00000000  
  154 040100       020000003c003c00 0x00200000   0x0020       0x00000000  
  155 040100       020000003c003c00 0x00200000   0x0020       0x00000000  
  156 040100       020000003c003c00 0x00200000   0x0020       0x00000000  
  157 040100       020000003c003c00 0x00200000   0x0020       0x00000000  
  158 040100       020000003c003c00 0x00200000   0x0020       0x00000000  
  159 040100       020000003c003c00 0x00200000   0x0020       0x00000000  
  160 040100       020000003c003c00 0x00200000   0x0020       0x00000000  
  161 040100       020000003c003c00 0x00200000   0x0020       0x00000000  
  162 040100       020000003c003c00 0x00200000   0x0020       0x00000000  
  163 040100       020000003c003c00 0x00200000   0x0020       0x00000000  
  164 040100       020000003c003c00 0x00200000   0x0020       0x00000000  
  165 040100       020000003c003c00 0x00200000   0x0020       0x00000000  
  166 040100       020000003c003c00 0x00200000   0x0020       0x04000000  
  167 040100       020000003c003c00 0x00200000   0x0020       0x04000000  
  168 040100       020000003c003c00 0x00200000   0x0020       0x04000000  
  169 040100       020000003c003c00 0x00200000   0x0020       0x04000000  
  170 040100       020000003c003c00 0x00200000   0x0020       0x04000000  
  171 040100       020000003c003c00 0x00200000   0x0020       0x04000000  
  172 040100       020000003c003c00 0x00200000   0x0020       0x04000000  
  173 040100       020000003c003c00 0x00200000   0x0020       0x04000000  
  174 040100       020000003c003c00 0x00200000   0x0020       0x04000000  
  175 040100       020000003c003c00 0x00200000   0x0020       0x04000000  
  176 040100       020000003c003c00 0x00200000   0x0020       0x04000000  
  177 040100       020000003c003c00 0x00200000   0x0020       0x04000000  
  178 040100       020000003c003c00 0x00200000   0x0020       0x04000000  
  179 040100       020000003c003c00 0x00200000   0x0020       0x04000000  
  180 040100       020000003c003c00 0x00200000   0x0020       0x04000000  
  181 040100       020000003c003c00 0x00200000   0x0020       0x04000000  
  182 040100       020000003c003c00 0x00200000   0x0020       0x04000000  
  183 040100       020000003c003c00 0x00200000   0x0020       0x04000000  
  184 040100       020000003c003c00 0x00200000   0x0020       0x04000000  
  185 040100       020000003c003c00 0x00200000   0x0020       0x04000000  
  186 040100       020000003c003c00 0x00200000   0x0020       0x04000000  
  187 040100       020000003c003c00 0x00200000   0x0020       0x04000000  
  188 040100       020000003c003c00 0x00200000   0x0020       0x04000000  
  189 040100       020000003c003c00 0x00200000   0x0020       0x04000000  
  190 040100       020000003c003c00 0x00200000   0x0020       0x04000000  
  191 040100       020000003c003c00 0x00200000   0x0020       0x04000000  
  192 040100       020000003c003c00 0x00200000   0x0020       0x04000000  
  193 040100       020000003c003c00 0x00200000   0x0020       0x04000000  
  194 040100       020000003c003c00 0x00200000   0x0020       0x04000000  
  195 040100       020000003c003c00 0x00200000   0x0020       0x04000000  
  196 040100       020000003c003c00 0x00200000   0x0020       0x04000000  
  197 040100       020000003c003c00 0x00200000   0x0020       0x04000000  
  198 040100       020000003c003c00 0x00200000   0x0020       0x04000000  
  199 040100       020000003c003c00 0x00200000   0x0020       0x04000000  
  200 040100       020000003c003c00 0x00200000   0x0020       0x04000000  
  201 040100       020000003c003c00 0x00200000   0x0020       0x04000000  
  202 040100       020000003c003c00 0x00200000   0x0020       0x04000000  
  203 040100       020000003c003c00 0x00200000   0x0020       0x04000000  
  204 040100       020000003c003c00 0x00200000   0x0020       0x04000000  
  205 040100       020000003c003c00 0x00200000   0x0020       0x04000000  
  206 040100       020000003c003c00 0x00200000   0x0020       0x04000000  
  207 040100       020000003c003c00 0x00200000   0x0020       0x04000000  
  208 040100       020000003c003c00 0x00200000   0x0020       0x04000000  
  209 040100       020000003c003c00 0x00200000   0x0020       0x04000000  
  210 040100       020000003c003c00 0x00200000   0x0020       0x04000000  
  211 040100       020000003c003c00 0x00200000   0x0020       0x04000000  
  212 040100       020000003c003c00 0x00200000   0x0020       0x04000000  
  213 040100       020000003c003c00 0x00200000   0x0020       0x04000000  
  214 040100       020000003c003c00 0x00200000   0x0020       0x04000000  
  215 040100       020000003c003c00 0x00200000   0x0020       0x04000000  
  216 040100       020000003c003c00 0x00200000   0x0020       0x04000000  
  217 040100       020000003c003c00 0x00200000   0x0020       0x04000000  
  218 040100       020000003c003c00 0x00200000   0x0020       0x04000000  
  219 040100       020000003c003c00 0x00200000   0x0020       0x04000000  
  220 040100       020000003c003c00 0x00200000   0x0020       0x04000000  
  221 040100       020000003c003c00 0x00200000   0x0020       0x04000000  
  222 040100       020000003c003c00 0x00200000   0x0020       0x04000000  
  223 040100       020000003c003c00 0x00200000   0x0020       0x04000000  
  224 040100       020000003c003c00 0x00200000   0x0020       0x04000000  
  225 040100       020000003c003c00 0x00200000   0x0020       0x04000000  
  226 040100       020000003c003c00 0x00200000   0x0020       0x04000000  
  227 040100       020000003c003c00 0x00200000   0x0020       0x04000000  
  228 040100       020000003c003c00 0x00200000   0x0020       0x04000000  
  229 040100       020000003c003c00 0x00200000   0x0020       0x04000000  
  230 040100       020000003c003c00 0x00200000   0x0020       0x04000000  
  231 040100       020000003c003c00 0x00200000   0x0020       0x04000000  
  232 040100       020000003c003c00 0x00200000   0x0020       0x04000000  
  233 040100       020000003c003c00 0x00200000   0x0020       0x04000000  
  234 040100       020000003c003c00 0x00200000   0x0020       0x04000000  
  235 040100       020000003c003c00 0x00200000   0x0020       0x04000000  
  236 040100       020000003c003c00 0x00200000   0x0020       0x04000000  
  237 040100       020000003c003c00 0x00200000   0x0020       0x04000000  
  238 040100       020000003c003c00 0x00200000   0x0020       0x04000000  
  239 040100       020000003c003c00 0x00200000   0x0020       0x04000000  
  240 040100       020000003c003c00 0x00200000   0x0020       0x04000000  
  241 040100       020000003c003c00 0x00200000   0x0020       0x04000000  
  242 040100       020000003c003c00 0x00200000   0x0020       0x04000000  
  243 040100       020000003c003c00 0x00200000   0x0020       0x04000000  
  244 040100       020000003c003c00 0x00200000   0x0020       0x04000000  
  245 040100       020000003c003c00 0x00200000   0x0020       0x04000000  
  246 040100       020000003c003c00 0x00200000   0x0020       0x04000000  
  247 040100       020000003c003c00 0x00200000   0x0020       0x04000000  
  248 040100       020000003c003c00 0x00200000   0x0020       0x04000000  
  249 040100       020000003c003c00 0x00200000   0x0020       0x04000000  
  250 040100       020000003c003c00 0x00200000   0x0020       0x04000000  
  251 040100       020000003c003c00 0x00200000   0x0020       0x04000000  
  252 040100       020000003c003c00 0x00200000   0x0020       0x04000000  
  253 040100       020000003c003c00 0x00200000   0x0020       0x04000000  
  254 040100       020000003c003c00 0x00200000   0x0020       0x04000000  
  255 040100       020000003c003c00 0x00200000   0x0020       0x04000000  
  256 040100       020000003c003c00 0x00200000   0x0020       0x04000000  
  257 040100       020000003c003c00 0x00200000   0x0020       0x04000000  
  258 040100       020000003c003c00 0x00200000   0x0020       0x04000000  
  259 040100       020000003c003c00 0x00200000   0x0020       0x04000000  
  260 040100       020000003c003c00 0x00200000   0x0020       0x04000000  
  261 040100       020000003c003c00 0x00200000   0x0020       0x04000000  
  262 040100       020000003c003c00 0x00200000   0x0020       0x04000000  
  263 040100       020000003c003c00 0x00200000   0x0020       0x04000000  
  264 040100       020000003c003c00 0x00200000   0x0020       0x04000000  
  265 040100       020000003c003c00 0x00200000   0x0020       0x04000000  
  266 040100       020000003c003c00 0x00200000   0x0020       0x04000000  
  267 040100       020000003c003c00 0x00200000   0x0020       0x04000000  
  268 040100       020000003c003c00 0x00200000   0x0020       0x04000000  
  269 040100       020000003c003c00 0x00200000   0x0020       0x04000000  
  270 040100       020000003c003c00 0x00200000   0x0020       0x04000000  
  271 040100       020000003c003c00 0x00200000   0x0020       0x04000000  
  272 040100       020000003c003c00 0x00200000   0x0020       0x04000000  
  273 040100       020000003c003c00 0x00200000   0x0020       0x04000000  
  274 040100       020000003c003c00 0x00200000   0x0020       0x04000000  
  275 040100       020000003c003c00 0x00200000   0x0020       0x04000000  
  276 040100       020000003c003c00 0x00200000   0x0020       0x04000000  
  277 040100       020000003c003c00 0x00200000   0x0020       0x04000000  
  278 040100       020000003c003c00 0x00200000   0x0020       0x04000000  
  279 040100       020000003c003c00 0x00200000   0x0020       0x04000000  
  280 040100       020000003c003c00 0x00200000   0x0020       0x04000000  
  281 040100       020000003c003c00 0x00200000   0x0020       0x04000000  
  282 040100       020000003c003c00 0x00200000   0x0020       0x04000000  
  283 040100       020000003c003c00 0x00200000   0x0020       0x04000000  
  284 040100       020000003c003c00 0x00200000   0x0020       0x04000000  
  285 040100       020000003c003c00 0x00200000   0x0020       0x04000000  
  286 040100       020000003c003c00 0x00200000   0x0020       0x04000000  
  287 040100       020000003c003c00 0x00200000   0x0020       0x04000000  
  288 040100       020000003c003c00 0x00200000   0x0020       0x04000000  
  289 040100       020000003c003c00 0x00200000   0x0020       0x04000000  
  290 040100       020000003c003c00 0x00200000   0x0020       0x04000000  
  291 040100       020000003c003c00 0x00200000   0x0020       0x04000000  
  292 040100       020000003c003c00 0x00200000   0x0020       0x04000000  
  293 040100       020000003c003c00 0x00200000   0x0020       0x04000000  
  294 040100       020000003c003c00 0x00200000   0x0020       0x04000000  
  295 040100       020000003c003c00 0x00200000   0x0020       0x04000000  
  296 040100       020000003c003c00 0x00200000   0x0020       0x04000000  
  297 040100       020000003c003c00 0x00200000   0x0020       0x04000000  
  298 040100       020000003c003c00 0x00200000   0x0020       0x04000000  
  299 040100       020000003c003c00 0x00200000   0x0020       0x04000000  
  300 040100       020000003c003c00 0x00200000   0x0020       0x04000000  
  301 040100       020000003c003c00 0x00200000   0x0020       0x04000000  
  302 040100       020000003c003c00 0x00200000   0x0020       0x04000000  
  303 040100       020000003c003c00 0x00200000   0x0020       0x04000000  
  304 040100       020000003c003c00 0x00200000   0x0020       0x04000000  
  305 040100       020000003c003c00 0x00200000   0x0020       0x04000000  
  306 040100       020000003c003c00 0x00200000   0x0020       0x04000000  
  307 040100       020000003c003c00 0x00200000   0x0020       0x04000000  
  308 040100       020000003c003c00 0x00200000   0x0020       0x04000000  
  309 040100       020000003c003c00 0x00200000   0x0020       0x04000000  
  310 040100       020000003c003c00 0x00200000   0x0020       0x04000000  
  311 040100       020000003c003c00 0x00200000   0x0020       0x04000000  
  312 040100       020000003c003c00 0x00200000   0x0020       0x04000000  
  313 040100       020000003c003c00 0x00200000   0x0020       0x04000000  
  314 040100       020000003c003c00 0x00200000   0x0020       0x04000000  
  315 040100       020000003c003c00 0x00200000   0x0020       0x04000000  
  316 040100       020000003c003c00 0x00200000   0x0020       0x04000000  
  317 040100       020000003c003c00 0x00200000   0x0020       0x04000000  
  318 040100       020000003c003c00 0x00200000   0x0020       0x04000000  
  319 040100       020000003c003c00 0x00200000   0x0020       0x04000000  
  320 040100       020000003c003c00 0x00200000   0x0020       0x04000000  
  321 040100       020000003c003c00 0x00200000   0x0020       0x04000000  
  322 040100       020000003c003c00 0x00200000   0x0020       0x04000000  
  323 040100       020000003c003c00 0x00200000   0x0020       0x04000000  
  324 040100       020000003c003c00 0x00200000   0x0020       0x04000000  
  325 040100       020000003c003c00 0x00200000   0x0020       0x04000000  
  326 040100       020000003c003c00 0x00200000   0x0020       0x04000000  
  327 040100       020000003c003c00 0x00200000   0x0020       0x04000000  
  328 040100       020000003c003c00 0x00200000   0x0020       0x04000000  
  329 040100       020000003c003c00 0x00200000   0x0020       0x04000000  
  330 040100       020000003c003c00 0x00200000   0x0020       0x04000000  
  331 040100       020000003c003c00 0x00200000   0x0020       0x04000000  
  332 040100       020000003c003c00 0x00200000   0x0020       0x04000000  
  333 040100       020000003c003c00 0x00200000   0x0020       0x04000000  
  334 040100       020000003c003c00 0x00200000   0x0020       0x04000000  
  335 040100       020000003c003c00 0x00200000   0x0020       0x04000000  
  336 040100       020000003c003c00 0x00200000   0x0020       0x04000000  
  337 040100       020000003c003c00 0x00200000   0x0020       0x04000000  
  338 040100       020000003c003c00 0x00200000   0x0020       0x04000000  
  339 040100       020000003c003c00 0x00200000   0x0020       0x04000000  
  340 040100       020000003c003c00 0x00200000   0x0020       0x04000000  
  341 040100       020000003c003c00 0x00200000   0x0020       0x04000000  
  342 040100       020000003c003c00 0x00200000   0x0020       0x04000000  
  343 040100       020000003c003c00 0x00200000   0x0020       0x04000000  
  344 040100       020000003c003c00 0x00200000   0x0020       0x04000000  
  345 040100       020000003c003c00 0x00200000   0x0020       0x04000000  
  346 040100       020000003c003c00 0x00200000   0x0020       0x04000000  
  347 040100       020000003c003c00 0x00200000   0x0020       0x04000000  
  348 040100       020000003c003c00 0x00200000   0x0020       0x04000000  
  349 040100       020000003c003c00 0x00200000   0x0020       0x04000000  
  350 040100       020000003c003c00 0x00200000   0x0020       0x04000000  
  351 040100       020000003c003c00 0x00200000   0x0020       0x04000000  
  352 040100       020000003c003c00 0x00200000   0x0020       0x04000000  
  353 040100       020000003c003c00 0x00200000   0x0020       0x04000000  
  354 040100       020000003c003c00 0x00200000   0x0020       0x04000000  
  355 040100       020000003c003c00 0x00200000   0x0020       0x04000000  
  356 040100       020000003c003c00 0x00200000   0x0020       0x04000000  
  357 040100       020000003c003c00 0x00200000   0x0020       0x04000000  
  358 040100       020000003c003c00 0x00200000   0x0020       0x04000000  
  359 040100       020000003c003c00 0x00200000   0x0020       0x04000000  
  360 040100       020000003c003c00 0x00200000   0x0020       0x04000000  
  361 040100       020000003c003c00 0x00200000   0x0020       0x04000000  
  362 040100       020000003c003c00 0x00200000   0x0020       0x04000000  
  363 040100       020000003c003c00 0x00200000   0x0020       0x04000000  
  364 040100       020000003c003c00 0x00200000   0x0020       0x04000000  
  365 040100       020000003c003c00 0x00200000   0x0020       0x04000000  
  366 040100       020000003c003c00 0x00200000   0x0020       0x04000000  
  367 040100       020000003c003c00 0x00200000   0x0020       0x04000000  
  368 040100       020000003c003c00 0x00200000   0x0020       0x04000000  
  369 040100       020000003c003c00 0x00200000   0x0020       0x04000000  
  370 040100       020000003c003c00 0x00200000   0x0020       0x04000000  
  371 040100       020000003c003c00 0x00200000   0x0020       0x04000000  
  372 040100       020000003c003c00 0x00200000   0x0020       0x04000000  
  373 040100       020000003c003c00 0x00200000   0x0020       0x04000000  
  374 040100       020000003c003c00 0x00200000   0x0020       0x04000000  
  375 040100       020000003c003c00 0x00200000   0x0020       0x04000000  
  376 040100       020000003c003c00 0x00200000   0x0020       0x04000000  
  377 040100       020000003c003c00 0x00200000   0x0020       0x04000000  
  378 040100       020000003c003c00 0x00200000   0x0020       0x04000000  
  379 040100       020000003c003c00 0x00200000   0x0020       0x04000000  
  380 040100       020000003c003c00 0x00200000   0x0020       0x04000000  
  381 040100       020000003c003c00 0x00200000   0x0020       0x04000000  
  382 040100       020000003c003c00 0x00200000   0x0020       0x04000000  
  383 040100       020000003c003c00 0x00200000   0x0020       0x04000000  
  384 040100       020000003c003c00 0x00200000   0x0020       0x04000000  
  385 040100       020000003c003c00 0x00200000   0x0020       0x04000000  
  386 040100       020000003c003c00 0x00200000   0x0020       0x04000000  
  387 040100       020000003c003c00 0x00200000   0x0020       0x04000000  
  388 040100       020000003c003c00 0x00200000   0x0020       0x04000000  
  389 040100       020000003c003c00 0x00200000   0x0020       0x04000000  
  390 040100       020000003c003c00 0x00200000   0x0020       0x04000000  
  391 040100       020000003c003c00 0x00200000   0x0020       0x04000000  
  392 040100       020000003c003c00 0x00200000   0x0020       0x04000000  
  393 040100       020000003c003c00 0x00200000   0x0020       0x04000000  
  394 040100       020000003c003c00 0x00200000   0x0020       0x04000000  
  395 040100       020000003c003c00 0x00200000   0x0020       0x04000000  
  396 040100       020000003c003c00 0x00200000   0x0020       0x04000000  
  397 040100       020000003c003c00 0x00200000   0x0020       0x04000000  
  398 040100       020000003c003c00 0x00200000   0x0020       0x04000000  
  399 040100       020000003c003c00 0x00200000   0x0020       0x04000000  
  400 040100       020000003c003c00 0x00200000   0x0020       0x04000000  
  401 040100       020000003c003c00 0x00200000   0x0020       0x04000000  
  402 040100       020000003c003c00 0x00200000   0x0020       0x04000000  
  403 040100       020000003c003c00 0x00200000   0x0020       0x04000000  
  404 040100       020000003c003c00 0x00200000   0x0020       0x04000000  
  405 040100       020000003c003c00 0x00200000   0x0020       0x04000000  
  406 040100       020000003c003c00 0x00200000   0x0020       0x04000000  
  407 040100       020000003c003c00 0x00200000   0x0020       0x04000000  
  408 040100       020000003c003c00 0x00200000   0x0020       0x04000000  
  409 040100       020000003c003c00 0x00200000   0x0020       0x04000000  
  410 040100       020000003c003c00 0x00200000   0x0020       0x04000000  
  411 040100       020000003c003c00 0x00200000   0x0020       0x04000000  
  412 040100       020000003c003c00 0x00200000   0x0020       0x04000000  
  413 040100       020000003c003c00 0x00200000   0x0020       0x04000000  
  414 040100       020000003c003c00 0x00200000   0x0020       0x04000000  
  415 040100       020000003c003c00 0x00200000   0x0020       0x04000000  
  416 040100       020000003c003c00 0x00200000   0x0020       0x04000000  
  417 040100       020000003c003c00 0x00200000   0x0020       0x04000000  
  418 040100       020000003c003c00 0x00200000   0x0020       0x04000000  
  419 040100       020000003c003c00 0x00200000   0x0020       0x04000000  
  420 040100       020000003c003c00 0x00200000   0x0020       0x04000000  
  421 040100       020000003c003c00 0x00200000   0x0020       0x04000000  
  422 040100       020000003c003c00 0x00200000   0x0020       0x04000000  
  423 040100       020000003c003c00 0x00200000   0x0020       0x04000000  
  424 040100       020000003c003c00 0x00200000   0x0020       0x04000000  
  425 040100       020000003c003c00 0x00200000   0x0020       0x04000000  
  426 040100       020000003c003c00 0x00200000   0x0020       0x04000000  
  427 040100       020000003c003c00 0x00200000   0x0020       0x04000000  
  428 040100       020000003c003c00 0x00200000   0x0020       0x04000000  
  429 040100       020000003c003c00 0x00200000   0x0020       0x04000000  
  430 040100       020000003c003c00 0x00200000   0x0020       0x04000000  
  431 040100       020000003c003c00 0x00200000   0x0020       0x04000000  
  432 040100       020000003c003c00 0x00200000   0x0020       0x04000000  
  433 040100       020000003c003c00 0x00200000   0x0020       0x04000000  
  434 040100       020000003c003c00 0x00200000   0x0020       0x04000000  
  435 040100       020000003c003c00 0x00200000   0x0020       0x04000000  
  436 040100       020000003c003c00 0x00200000   0x0020       0x04000000  
  437 040100       020000003c003c00 0x00200000   0x0020       0x04000000  
  438 040100       020000003c003c00 0x00200000   0x0020       0x04000000  
  439 040100       020000003c003c00 0x00200000   0x0020       0x04000000  
  440 040100       020000003c003c00 0x00200000   0x0020       0x04000000  
  441 040100       020000003c003c00 0x00200000   0x0020       0x04000000  
  442 040100       020000003c003c00 0x00200000   0x0020       0x04000000  
  443 040100       020000003c003c00 0x00200000   0x0020       0x04000000  
  444 040100       020000003c003c00 0x00200000   0x0020       0x04000000  
  445 040100       020000003c003c00 0x00200000   0x0020       0x04000000  
  446 040100       020000003c003c00 0x00200000   0x0020       0x04000000  
  447 040100       020000003c003c00 0x00200000   0x0020       0x04000000  
  448 040100       020000003c003c00 0x00200000   0x0020       0x04000000  
  449 040100       020000003c003c00 0x00200000   0x0020       0x04000000  
  450 040100       020000003c003c00 0x00200000   0x0020       0x04000000  
  451 040100       020000003c003c00 0x00200000   0x0020       0x04000000  
  452 040100       020000003c003c00 0x00200000   0x0020       0x04000000  
  453 040100       020000003c003c00 0x00200000   0x0020       0x04000000  
  454 040100       020000003c003c00 0x00200000   0x0020       0x04000000  
  455 040100       020000003c003c00 0x00200000   0x0020       0x04000000  
  456 040100       020000003c003c00 0x00200000   0x0020       0x04000000  
  457 040100       020000003c003c00 0x00200000   0x0020       0x04000000  
  458 040100       020000003c003c00 0x00200000   0x0020       0x04000000  
  459 040100       020000003c003c00 0x00200000   0x0020       0x04000000  
  460 040100       020000003c003c00 0x00200000   0x0020       0x04000000  
  461 040100       020000003c003c00 0x00200000   0x0020       0x04000000  
  462 040100       020000003c003c00 0x00200000   0x0020       0x04000000  
  463 040100       020000003c003c00 0x00200000   0x0020       0x04000000  
  464 040100       020000003c003c00 0x00200000   0x0020       0x04000000  
  465 040100       020000003c003c00 0x00200000   0x0020       0x04000000  
  466 040100       020000003c003c00 0x00200000   0x0020       0x04000000  
  467 040100       020000003c003c00 0x00200000   0x0020       0x04000000  
  468 040100       020000003c003c00 0x00200000   0x0020       0x04000000  
  469 040100       020000003c003c00 0x00200000   0x0020       0x04000000  
  470 040100       020000003c003c00 0x00200000   0x0020       0x04000000  
  471 040100       020000003c003c00 0x00200000   0x0020       0x04000000  
  472 040100       020000003c003c00 0x00200000   0x0020       0x04000000  
  473 040100       020000003c003c00 0x00200000   0x0020       0x04000000  
  474 040100       020000003c003c00 0x00200000   0x0020       0x04000000  
  475 040100       020000003c003c00 0x00200000   0x0020       0x04000000  
  476 040100       020000003c003c00 0x00200000   0x0020       0x04000000  
  477 040100       020000003c003c00 0x00200000   0x0020       0x04000000  
  478 040100       020000003c003c00 0x00200000   0x0020       0x04000000  
  479 040100       020000003c003c00 0x00200000   0x0020       0x04000000  
  480 040100       020000003c003c00 0x00200000   0x0020       0x04000000  
  481 040100       020000003c003c00 0x00200000   0x0020       0x04000000  
  482 040100       020000003c003c00 0x00200000   0x0020       0x04000000  
  483 040100       020000003c003c00 0x00200000   0x0020       0x04000000  
  484 040100       020000003c003c00 0x00200000   0x0020       0x04000000  
  485 040100       020000003c003c00 0x00200000   0x0020       0x04000000  
  486 040100       020000003c003c00 0x00200000   0x0020       0x04000000  
  487 040100       020000003c003c00 0x00200000   0x0020       0x04000000  
  488 040100       020000003c003c00 0x00200000   0x0020       0x04000000  
  489 040100       020000003c003c00 0x00200000   0x0020       0x04000000  
  490 040100       020000003c003c00 0x00200000   0x0020       0x04000000  
  491 040100       020000003c003c00 0x00200000   0x0020       0x04000000  
  492 040100       020000003c003c00 0x00200000   0x0020       0x04000000  
  493 040100       020000003c003c00 0x00200000   0x0020       0x04000000  
  494 040100       020000003c003c00 0x00200000   0x0020       0x04000000  
  495 040100       020000003c003c00 0x00200000   0x0020       0x04000000  
  496 040100       020000003c003c00 0x00200000   0x0020       0x04000000  
  497 040100       020000003c003c00 0x00200000   0x0020       0x04000000  
  498 040100       020000003c003c00 0x00200000   0x0020       0x04000000  
  499 040100       020000003c003c00 0x00200000   0x0020       0x04000000  
  500 040100       020000003c003c00 0x00200000   0x0020       0x04000000  
  501 040100       020000003c003c00 0x00200000   0x0020       0x04000000  
  502 040100       020000003c003c00 0x00200000   0x0020       0x04000000  
  503 040100       020000003c003c00 0x00200000   0x0020       0x04000000  
  504 040100       020000003c003c00 0x00200000   0x0020       0x04000000  
  505 040100       020000003c003c00 0x00200000   0x0020       0x04000000  
  506 040100       020000003c003c00 0x00200000   0x0020       0x04000000  
  507 040100       020000003c003c00 0x00200000   0x0020       0x04000000  
  508 040100       020000003c003c00 0x00200000   0x0020       0x04000000  
  509 040100       020000003c003c00 0x00200000   0x0020       0x04000000  
  510 040100       020000003c003c00 0x00200000   0x0020       0x04000000  
  511 040100       020000003c003c00 0x00200000   0x0020       0x04000000  
  512 040100       020000003c003c00 0x00200000   0x0020       0x04000000  
  513 040100       020000003c003c00 0x00200000   0x0020       0x04000000  
  514 040100       020000003c003c00 0x00200000   0x0020       0x04000000  
  515 040100       020000003c003c00 0x00200000   0x0020       0x04000000  
  516 040100       020000003c003c00 0x00200000   0x0020       0x04000000  
  517 040100       020000003c003c00 0x00200000   0x0020       0x04000000  
  518 040100       020000003c003c00 0x00200000   0x0020       0x04000000  
  519 040100       020000003c003c00 0x00200000   0x0020       0x04000000  
  520 040100       020000003c003c00 0x00200000   0x0020       0x04000000  
  521 040100       020000003c003c00 0x00200000   0x0020       0x04000000  
  522 040100       020000003c003c00 0x00200000   0x0020       0x04000000  
  523 040100       020000003c003c00 0x00200000   0x0020       0x04000000  
  524 040100       020000003c003c00 0x00200000   0x0020       0x04000000  
  525 040100       020000003c003c00 0x00200000   0x0020       0x04000000  
  526 040100       020000003c003c00 0x00200000   0x0020       0x04000000  
  527 040100       020000003c003c00 0x00200000   0x0020       0x04000000  
  528 040100       020000003c003c00 0x00200000   0x0020       0x04000000  
  529 040100       020000003c003c00 0x00200000   0x0020       0x04000000  
  530 040100       020000003c003c00 0x00200000   0x0020       0x04000000  
  531 040100       020000003c003c00 0x00200000   0x0020       0x04000000  
  532 040100       020000003c003c00 0x00200000   0x0020       0x04000000  
  533 040100       020000003c003c00 0x00200000   0x0020       0x04000000  
  534 040100       020000003c003c00 0x00200000   0x0020       0x04000000  
  535 040100       020000003c003c00 0x00200000   0x0020       0x04000000  
  536 040100       020000003c003c00 0x00200000   0x0020       0x04000000  
  537 040100       020000003c003c00 0x00200000   0x0020       0x04000000  
  538 040100       020000003c003c00 0x00200000   0x0020       0x04000000  
  539 040100       020000003c003c00 0x00200000   0x0020       0x04000000  
  540 040100       020000003c003c00 0x00200000   0x0020       0x04000000  
  541 040100       020000003c003c00 0x00200000   0x0020       0x04000000  
  542 040100       020000003c003c00 0x00200000   0x0020       0x04000000  
  543 040100       020000003c003c00 0x00200000   0x0020       0x04000000  
  544 040100       020000003c003c00 0x00200000   0x0020       0x04000000  
  545 040100       020000003c003c00 0x00200000   0x0020       0x04000000  
  546 040100       020000003c003c00 0x00200000   0x0020       0x04000000  
  547 040100       020000003c003c00 0x00200000   0x0020       0x04000000  
  548 040100       020000003c003c00 0x00200000   0x0020       0x04000000  
  549 040100       020000003c003c00 0x00200000   0x0020       0x04000000  
  550 040100       020000003c003c00 0x00200000   0x0020       0x04000000  
  551 040100       020000003c003c00 0x00200000   0x0020       0x04000000  
  552 040100       020000003c003c00 0x00200000   0x0020       0x04000000  
  553 040100       020000003c003c00 0x00200000   0x0020       0x04000000  
  554 040100       020000003c003c00 0x00200000   0x0020       0x04000000  
  555 040100       020000003c003c00 0x00200000   0x0020       0x04000000  
  556 040100       020000003c003c00 0x00200000   0x0020       0x04000000  
  557 040100       020000003c003c00 0x00200000   0x0020       0x04000000  
  558 040100       020000003c003c00 0x00200000   0x0020       0x04000000  
  559 040100       020000003c003c00 0x00200000   0x0020       0x04000000  
  560 040100       020000003c003c00 0x00200000   0x0020       0x04000000  
  561 040100       020000003c003c00 0x00200000   0x0020       0x04000000  
  562 040100       020000003c003c00 0x00200000   0x0020       0x04000000  
  563 040100       020000003c003c00 0x00200000   0x0020       0x04000000  
  564 040100       020000003c003c00 0x00200000   0x0020       0x04000000  
  565 040100       020000003c003c00 0x00200000   0x0020       0x04000000  
  566 040100       020000003c003c00 0x00200000   0x0020       0x04000000  
  567 040100       020000003c003c00 0x00200000   0x0020       0x04000000  
  568 040100       020000003c003c00 0x00200000   0x0020       0x04000000  
  569 040100       020000003c003c00 0x00200000   0x0020       0x04000000  
  570 040100       020000003c003c00 0x00200000   0x0020       0x04000000  
  571 040100       020000003c003c00 0x00200000   0x0020       0x04000000  
  572 040100       020000003c003c00 0x00200000   0x0020       0x04000000  
  573 040100       020000003c003c00 0x00200000   0x0020       0x04000000  
  574 040100       020000003c003c00 0x00200000   0x0020       0x04000000  
  575 040100       020000003c003c00 0x00200000   0x0020       0x04000000  
  576 040100       020000003c003c00 0x00200000   0x0020       0x04000000  
  577 040100       020000003c003c00 0x00200000   0x0020       0x04000000  
  578 040100       020000003c003c00 0x00200000   0x0020       0x04000000  
  579 040100       020000003c003c00 0x00200000   0x0020       0x04000000  
  580 040100       020000003c003c00 0x00200000   0x0020       0x04000000  
  581 040100       020000003c003c00 0x00200000   0x0020       0x04000000  
  582 040100       020000003c003c00 0x00200000   0x0020       0x04000000  
  583 040100       020000003c003c00 0x00200000   0x0020       0x04000000  
  584 040100       020000003c003c00 0x00200000   0x0020       0x04000000  
  585 040100       020000003c003c00 0x00200000   0x0020       0x04000000  
  586 040100       020000003c003c00 0x00200000   0x0020       0x04000000  
  587 040100       020000003c003c00 0x00200000   0x0020       0x04000000  
  588 040100       020000003c003c00 0x00200000   0x0020       0x04000000  
  589 040100       020000003c003c00 0x00200000   0x0020       0x04000000  
  590 040100       020000003c003c00 0x00200000   0x0020       0x04000000  
  591 040100       020000003c003c00 0x00200000   0x0020       0x04000000  
  592 040100       020000003c003c00 0x00200000   0x0020       0x04000000  
  593 040100       020000003c003c00 0x00200000   0x0020       0x04000000  
  594 040100       020000003c003c00 0x00200000   0x0020       0x04000000  
  595 040100       020000003c003c00 0x00200000   0x0020       0x04000000  
  596 040100       020000003c003c00 0x00200000   0x0020       0x04000000  
  597 040100       020000003c003c00 0x00200000   0x0020       0x04000000  
  598 040100       020000003c003c00 0x00200000   0x0020       0x04000000  
  599 040100       020000003c003c00 0x00200000   0x0020       0x04000000  
  600 040100       020000003c003c00 0x00200000   0x0020       0x04000000  
  601 040100       020000003c003c00 0x00200000   0x0020       0x04000000  
  602 040100       020000003c003c00 0x00200000   0x0020       0x04000000  
  603 040100       020000003c003c00 0x00200000   0x0020       0x04000000  
  604 040100       020000003c003c00 0x00200000   0x0020       0x04000000  
  605 040100       020000003c003c00 0x00200000   0x0020       0x04000000  
  606 040100       020000003c003c00 0x00200000   0x0020       0x04000000  
  607 040100       020000003c003c00 0x00200000   0x0020       0x04000000  
  608 040100       020000003c003c00 0x00200000   0x0020       0x04000000  
  609 040100       020000003c003c00 0x00200000   0x0020       0x04000000  
  610 040100       020000003c003c00 0x00200000   0x0020       0x04000000  
  611 040100       020000003c003c00 0x00200000   0x0020       0x04000000  
  612 040100       020000003c003c00 0x00200000   0x0020       0x04000000  
  613 040100       020000003c003c00 0x00200000   0x0020       0x04000000  
  614 040100       020000003c003c00 0x00200000   0x0020       0x04000000  
  615 040100       020000003c003c00 0x00200000   0x0020       0x04000000  
  616 040100       020000003c003c00 0x00200000   0x0020       0x04000000  
  617 040100       020000003c003c00 0x00200000   0x0020       0x04000000  
  618 040100       020000003c003c00 0x00200000   0x0020       0x04000000  
  619 040100       020000003c003c00 0x00200000   0x0020       0x04000000  
  620 040100       020000003c003c00 0x00200000   0x0020       0x04000000  
  621 040100       020000003c003c00 0x00200000   0x0020       0x04000000  
  622 040100       020000003c003c00 0x00200000   0x0020       0x04000000  
  623 040100       020000003c003c00 0x00200000   0x0020       0x04000000  
  624 040100       020000003c003c00 0x00200000   0x0020       0x04000000  
  625 040100       020000003c003c00 0x00200000   0x0020       0x04000000  
  626 040100       020000003c003c00 0x00200000   0x0020       0x04000000  
  627 040100       020000003c003c00 0x00200000   0x0020       0x04000000  
  628 040100       020000003c003c00 0x00200000   0x0020       0x04000000  
  629 040100       020000003c003c00 0x00200000   0x0020       0x04000000  
  630 040100       020000003c003c00 0x00200000   0x0020       0x04000000  
  631 040100       020000003c003c00 0x00200000   0x0020       0x04000000  
  632 040100       020000003c003c00 0x00200000   0x0020       0x04000000  
  633 040100       020000003c003c00 0x00200000   0x0020       0x04000000  
  634 040100       020000003c003c00 0x00200000   0x0020       0x04000000  
  635 040100       020000003c003c00 0x00200000   0x0020       0x04000000  
  636 040100       020000003c003c00 0x00200000   0x0020       0x04000000  
  637 040100       020000003c003c00 0x00200000   0x0020       0x04000000  
  638 040100       020000003c003c00 0x00200000   0x0020       0x04000000  
  639 040100       020000003c003c00 0x00200000   0x0020       0x04000000  
  640 040100       020000003c003c00 0x00200000   0x0020       0x04000000  
  641 040100       020000003c003c00 0x00200000   0x0020       0x04000000  
  642 040100       020000003c003c00 0x00200000   0x0020       0x04000000  
  643 040100       020000003c003c00 0x00200000   0x0020       0x04000000  
  644 040100       020000003c003c00 0x00200000   0x0020       0x04000000  
  645 040100       020000003c003c00 0x00200000   0x0020       0x04000000  
  646 040100       020000003c003c00 0x00200000   0x0020       0x04000000  
  647 040100       020000003c003c00 0x00200000   0x0020       0x04000000  
  648 040100       020000003c003c00 0x00200000   0x0020       0x04000000  
  649 040100       020000003c003c00 0x00200000   0x0020       0x04000000  
  650 040100       020000003c003c00 0x00200000   0x0020       0x04000000  
  651 040100       020000003c003c00 0x00200000   0x0020       0x04000000  
  652 040100       020000003c003c00 0x00200000   0x0020       0x04000000  
  653 040100       020000003c003c00 0x00200000   0x0020       0x04000000  
  654 040100       020000003c003c00 0x00200000   0x0020       0x04000000  
  655 040100       020000003c003c00 0x00200000   0x0020       0x04000000  
  656 040100       020000003c003c00 0x00200000   0x0020       0x04000000  
  657 040100       020000003c003c00 0x00200000   0x0020       0x04000000  
  658 040100       020000003c003c00 0x00200000   0x0020       0x04000000  
  659 040100       020000003c003c00 0x00200000   0x0020       0x04000000  
  660 040100       020000003c003c00 0x00200000   0x0020       0x04000000  
  661 040100       020000003c003c00 0x00200000   0x0020       0x04000000  
  662 040100       020000003c003c00 0x00200000   0x0020       0x04000000  
  663 040100       020000003c003c00 0x00200000   0x0020       0x04000000  
  664 040100       020000003c003c00 0x00200000   0x0020       0x04000000  
  665 040100       020000003c003c00 0x00200000   0x0020       0x04000000  
  666 040100       020000003c003c00 0x00200000   0x0020       0x04000000  
  667 040100       020000003c003c00 0x00200000   0x0020       0x04000000  
  668 040100       020000003c003c00 0x00200000   0x0020       0x04000000  
  669 040100       020000003c003c00 0x00200000   0x0020       0x04000000  
  670 040100       020000003c003c00 0x00200000   0x0020       0x04000000  
  671 040100       020000003c003c00 0x00200000   0x0020       0x04000000  
  672 040100       020000003c003c00 0x00200000   0x0020       0x04000000  
  673 040100       020000003c003c00 0x00200000   0x0020       0x04000000  
  674 040100       020000003c003c00 0x00200000   0x0020       0x04000000  
  675 040100       020000003c003c00 0x00200000   0x0020       0x04000000  
  676 040100       020000003c003c00 0x00200000   0x0020       0x04000000  
  677 040100       020000003c003c00 0x00200000   0x0020       0x04000000  
  678 040100       020000003c003c00 0x00200000   0x0020       0x04000000  
  679 040100       020000003c003c00 0x00200000   0x0020       0x04000000  
  680 040100       020000003c003c00 0x00200000   0x0020       0x04000000  
  681 040100       020000003c003c00 0x00200000   0x0020       0x04000000  
  682 040100       020000003c003c00 0x00200000   0x0020       0x04000000  
  683 040100       020000003c003c00 0x00200000   0x0020       0x04000000  
  684 040100       020000003c003c00 0x00200000   0x0020       0x04000000  
  685 040100       020000003c003c00 0x00200000   0x0020       0x04000000  
  686 040100       020000003c003c00 0x00200000   0x0020       0x04000000  
  687 040100       020000003c003c00 0x00200000   0x0020       0x04000000  
  688 040100       020000003c003c00 0x00200000   0x0020       0x04000000  
  689 040100       020000003c003c00 0x00200000   0x0020       0x04000000  
  690 040100       020000003c003c00 0x00200000   0x0020       0x04000000  
  691 040100       020000003c003c00 0x00200000   0x0020       0x04000000  
  692 040100       020000003c003c00 0x00200000   0x0020       0x04000000  
  693 040100       020000003c003c00 0x00200000   0x0020       0x04000000  
  694 040100       020000003c003c00 0x00200000   0x0020       0x04000000  
  695 040100       020000003c003c00 0x00200000   0x0020       0x04000000  
  696 040100       020000003c003c00 0x00200000   0x0020       0x04000000  
  697 040100       020000003c003c00 0x00200000   0x0020       0x04000000  
  698 040100       020000003c003c00 0x00200000   0x0020       0x04000000  
  699 040100       020000003c003c00 0x00200000   0x0020       0x04000000  
